This is pdfTeX, Version 3.141592653-2.6-1.40.22 (TeX Live 2022/dev/Debian) (preloaded format=pdflatex 2025.10.12)  13 MAY 2026 02:22
entering extended mode
 restricted \write18 enabled.
 file:line:error style messages enabled.
 %&-line parsing enabled.
**/home/raed/Documents/Masters_project_SFL_servers/Report/main.tex
(/home/raed/Documents/Masters_project_SFL_servers/Report/main.tex
LaTeX2e <2021-11-15> patch level 1
L3 programming layer <2022-01-21> (/usr/share/texlive/texmf-dist/tex/latex/base/article.cls
Document Class: article 2021/10/04 v1.4n Standard LaTeX document class
(/usr/share/texlive/texmf-dist/tex/latex/base/size12.clo
File: size12.clo 2021/10/04 v1.4n Standard LaTeX file (size option)
)
\c@part=\count185
\c@section=\count186
\c@subsection=\count187
\c@subsubsection=\count188
\c@paragraph=\count189
\c@subparagraph=\count190
\c@figure=\count191
\c@table=\count192
\abovecaptionskip=\skip47
\belowcaptionskip=\skip48
\bibindent=\dimen138
) (/usr/share/texlive/texmf-dist/tex/latex/graphics/graphicx.sty
Package: graphicx 2021/09/16 v1.2d Enhanced LaTeX Graphics (DPC,SPQR)
 (/usr/share/texlive/texmf-dist/tex/latex/graphics/keyval.sty
Package: keyval 2014/10/28 v1.15 key=value parser (DPC)
\KV@toks@=\toks16
) (/usr/share/texlive/texmf-dist/tex/latex/graphics/graphics.sty
Package: graphics 2021/03/04 v1.4d Standard LaTeX Graphics (DPC,SPQR)
 (/usr/share/texlive/texmf-dist/tex/latex/graphics/trig.sty
Package: trig 2021/08/11 v1.11 sin cos tan (DPC)
) (/usr/share/texlive/texmf-dist/tex/latex/graphics-cfg/graphics.cfg
File: graphics.cfg 2016/06/04 v1.11 sample graphics configuration
)
Package graphics Info: Driver file: pdftex.def on input line 107.
 (/usr/share/texlive/texmf-dist/tex/latex/graphics-def/pdftex.def
File: pdftex.def 2020/10/05 v1.2a Graphics/color driver for pdftex
))
\Gin@req@height=\dimen139
\Gin@req@width=\dimen140
) (/usr/share/texlive/texmf-dist/tex/latex/float/float.sty
Package: float 2001/11/08 v1.3d Float enhancements (AL)
\c@float@type=\count193
\float@exts=\toks17
\float@box=\box50
\@float@everytoks=\toks18
\@floatcapt=\box51
) (/usr/share/texlive/texmf-dist/tex/latex/amsmath/amsmath.sty
Package: amsmath 2021/10/15 v2.17l AMS math features
\@mathmargin=\skip49

For additional information on amsmath, use the `?' option.
(/usr/share/texlive/texmf-dist/tex/latex/amsmath/amstext.sty
Package: amstext 2021/08/26 v2.01 AMS text
 (/usr/share/texlive/texmf-dist/tex/latex/amsmath/amsgen.sty
File: amsgen.sty 1999/11/30 v2.0 generic functions
\@emptytoks=\toks19
\ex@=\dimen141
)) (/usr/share/texlive/texmf-dist/tex/latex/amsmath/amsbsy.sty
Package: amsbsy 1999/11/29 v1.2d Bold Symbols
\pmbraise@=\dimen142
) (/usr/share/texlive/texmf-dist/tex/latex/amsmath/amsopn.sty
Package: amsopn 2021/08/26 v2.02 operator names
)
\inf@bad=\count194
LaTeX Info: Redefining \frac on input line 234.
\uproot@=\count195
\leftroot@=\count196
LaTeX Info: Redefining \overline on input line 399.
\classnum@=\count197
\DOTSCASE@=\count198
LaTeX Info: Redefining \ldots on input line 496.
LaTeX Info: Redefining \dots on input line 499.
LaTeX Info: Redefining \cdots on input line 620.
\Mathstrutbox@=\box52
\strutbox@=\box53
\big@size=\dimen143
LaTeX Font Info:    Redeclaring font encoding OML on input line 743.
LaTeX Font Info:    Redeclaring font encoding OMS on input line 744.
\macc@depth=\count199
\c@MaxMatrixCols=\count266
\dotsspace@=\muskip16
\c@parentequation=\count267
\dspbrk@lvl=\count268
\tag@help=\toks20
\row@=\count269
\column@=\count270
\maxfields@=\count271
\andhelp@=\toks21
\eqnshift@=\dimen144
\alignsep@=\dimen145
\tagshift@=\dimen146
\tagwidth@=\dimen147
\totwidth@=\dimen148
\lineht@=\dimen149
\@envbody=\toks22
\multlinegap=\skip50
\multlinetaggap=\skip51
\mathdisplay@stack=\toks23
LaTeX Info: Redefining \[ on input line 2938.
LaTeX Info: Redefining \] on input line 2939.
) (/usr/share/texlive/texmf-dist/tex/latex/amsfonts/amssymb.sty
Package: amssymb 2013/01/14 v3.01 AMS font symbols
 (/usr/share/texlive/texmf-dist/tex/latex/amsfonts/amsfonts.sty
Package: amsfonts 2013/01/14 v3.01 Basic AMSFonts support
\symAMSa=\mathgroup4
\symAMSb=\mathgroup5
LaTeX Font Info:    Redeclaring math symbol \hbar on input line 98.
LaTeX Font Info:    Overwriting math alphabet `\mathfrak' in version `bold'
(Font)                  U/euf/m/n --> U/euf/b/n on input line 106.
)) (/usr/share/texlive/texmf-dist/tex/latex/booktabs/booktabs.sty
Package: booktabs 2020/01/12 v1.61803398 Publication quality tables
\heavyrulewidth=\dimen150
\lightrulewidth=\dimen151
\cmidrulewidth=\dimen152
\belowrulesep=\dimen153
\belowbottomsep=\dimen154
\aboverulesep=\dimen155
\abovetopsep=\dimen156
\cmidrulesep=\dimen157
\cmidrulekern=\dimen158
\defaultaddspace=\dimen159
\@cmidla=\count272
\@cmidlb=\count273
\@aboverulesep=\dimen160
\@belowrulesep=\dimen161
\@thisruleclass=\count274
\@lastruleclass=\count275
\@thisrulewidth=\dimen162
) (/usr/share/texlive/texmf-dist/tex/latex/geometry/geometry.sty
Package: geometry 2020/01/02 v5.9 Page Geometry
 (/usr/share/texlive/texmf-dist/tex/generic/iftex/ifvtex.sty
Package: ifvtex 2019/10/25 v1.7 ifvtex legacy package. Use iftex instead.
 (/usr/share/texlive/texmf-dist/tex/generic/iftex/iftex.sty
Package: iftex 2020/03/06 v1.0d TeX engine tests
))
\Gm@cnth=\count276
\Gm@cntv=\count277
\c@Gm@tempcnt=\count278
\Gm@bindingoffset=\dimen163
\Gm@wd@mp=\dimen164
\Gm@odd@mp=\dimen165
\Gm@even@mp=\dimen166
\Gm@layoutwidth=\dimen167
\Gm@layoutheight=\dimen168
\Gm@layouthoffset=\dimen169
\Gm@layoutvoffset=\dimen170
\Gm@dimlist=\toks24
) (/usr/share/texlive/texmf-dist/tex/latex/l3backend/l3backend-pdftex.def
File: l3backend-pdftex.def 2022-01-12 L3 backend support: PDF output (pdfTeX)
\l__color_backend_stack_int=\count279
\l__pdf_internal_box=\box54
) (./main.aux)
\openout1 = `main.aux'.

LaTeX Font Info:    Checking defaults for OML/cmm/m/it on input line 15.
LaTeX Font Info:    ... okay on input line 15.
LaTeX Font Info:    Checking defaults for OMS/cmsy/m/n on input line 15.
LaTeX Font Info:    ... okay on input line 15.
LaTeX Font Info:    Checking defaults for OT1/cmr/m/n on input line 15.
LaTeX Font Info:    ... okay on input line 15.
LaTeX Font Info:    Checking defaults for T1/cmr/m/n on input line 15.
LaTeX Font Info:    ... okay on input line 15.
LaTeX Font Info:    Checking defaults for TS1/cmr/m/n on input line 15.
LaTeX Font Info:    ... okay on input line 15.
LaTeX Font Info:    Checking defaults for OMX/cmex/m/n on input line 15.
LaTeX Font Info:    ... okay on input line 15.
LaTeX Font Info:    Checking defaults for U/cmr/m/n on input line 15.
LaTeX Font Info:    ... okay on input line 15.
 (/usr/share/texlive/texmf-dist/tex/context/base/mkii/supp-pdf.mkii
[Loading MPS to PDF converter (version 2006.09.02).]
\scratchcounter=\count280
\scratchdimen=\dimen171
\scratchbox=\box55
\nofMPsegments=\count281
\nofMParguments=\count282
\everyMPshowfont=\toks25
\MPscratchCnt=\count283
\MPscratchDim=\dimen172
\MPnumerator=\count284
\makeMPintoPDFobject=\count285
\everyMPtoPDFconversion=\toks26
) (/usr/share/texlive/texmf-dist/tex/latex/epstopdf-pkg/epstopdf-base.sty
Package: epstopdf-base 2020-01-24 v2.11 Base part for package epstopdf
Package epstopdf-base Info: Redefining graphics rule for `.eps' on input line 485.
 (/usr/share/texlive/texmf-dist/tex/latex/latexconfig/epstopdf-sys.cfg
File: epstopdf-sys.cfg 2010/07/13 v1.3 Configuration of (r)epstopdf for TeX Live
))
*geometry* driver: auto-detecting
*geometry* detected driver: pdftex
*geometry* verbose mode - [ preamble ] result:
* driver: pdftex
* paper: <default>
* layout: <same size as paper>
* layoutoffset:(h,v)=(0.0pt,0.0pt)
* modes: 
* h-part:(L,W,R)=(72.26999pt, 469.75502pt, 72.26999pt)
* v-part:(T,H,B)=(72.26999pt, 650.43001pt, 72.26999pt)
* \paperwidth=614.295pt
* \paperheight=794.96999pt
* \textwidth=469.75502pt
* \textheight=650.43001pt
* \oddsidemargin=0.0pt
* \evensidemargin=0.0pt
* \topmargin=-37.0pt
* \headheight=12.0pt
* \headsep=25.0pt
* \topskip=12.0pt
* \footskip=30.0pt
* \marginparwidth=44.0pt
* \marginparsep=10.0pt
* \columnsep=10.0pt
* \skip\footins=10.8pt plus 4.0pt minus 2.0pt
* \hoffset=0.0pt
* \voffset=0.0pt
* \mag=1000
* \@twocolumnfalse
* \@twosidefalse
* \@mparswitchfalse
* \@reversemarginfalse
* (1in=72.27pt=25.4mm, 1cm=28.453pt)

LaTeX Font Info:    Trying to load font information for U+msa on input line 17.
(/usr/share/texlive/texmf-dist/tex/latex/amsfonts/umsa.fd
File: umsa.fd 2013/01/14 v3.01 AMS symbols A
)
LaTeX Font Info:    Trying to load font information for U+msb on input line 17.
 (/usr/share/texlive/texmf-dist/tex/latex/amsfonts/umsb.fd
File: umsb.fd 2013/01/14 v3.01 AMS symbols B
) (./main.toc)
\tf@toc=\write3
\openout3 = `main.toc'.

 [1

{/var/lib/texmf/fonts/map/pdftex/updmap/pdftex.map}] (./chapters/file01.tex
<figures/stage1_iid_fl_mnist.png, id=9, 792.9625pt x 391.4625pt>
File: figures/stage1_iid_fl_mnist.png Graphic file (type png)
<use figures/stage1_iid_fl_mnist.png>
Package pdftex.def Info: figures/stage1_iid_fl_mnist.png  used on input line 15.
(pdftex.def)             Requested size: 399.29463pt x 197.12253pt.
 [2]
<figures/stage2_extreme_noniid_fl_mnist.png, id=13, 792.9625pt x 391.4625pt>
File: figures/stage2_extreme_noniid_fl_mnist.png Graphic file (type png)
<use figures/stage2_extreme_noniid_fl_mnist.png>
Package pdftex.def Info: figures/stage2_extreme_noniid_fl_mnist.png  used on input line 21.
(pdftex.def)             Requested size: 399.29463pt x 197.12253pt.
<figures/iid_vs_extreme_noniid_mnist.png, id=14, 792.9625pt x 391.4625pt>
File: figures/iid_vs_extreme_noniid_mnist.png Graphic file (type png)
<use figures/iid_vs_extreme_noniid_mnist.png>
Package pdftex.def Info: figures/iid_vs_extreme_noniid_mnist.png  used on input line 27.
(pdftex.def)             Requested size: 399.29463pt x 197.12253pt.
) [3 <./figures/stage1_iid_fl_mnist.png (PNG copy)> <./figures/stage2_extreme_noniid_fl_mnist.png (PNG copy)>] [4 <./figures/iid_vs_extreme_noniid_mnist.png (PNG copy)>] (./chapters/file02.tex
Overfull \hbox (19.69623pt too wide) in paragraph at lines 1--1
[]\OT1/cmr/bx/n/14.4 File 02: Fed-er-ated Learn-ing Base-line Across MNIST, Fashion-MNIST,
 []

<figures/mnist_iid_vs_noniid_accuracy.png, id=21, 792.9625pt x 391.4625pt>
File: figures/mnist_iid_vs_noniid_accuracy.png Graphic file (type png)
<use figures/mnist_iid_vs_noniid_accuracy.png>
Package pdftex.def Info: figures/mnist_iid_vs_noniid_accuracy.png  used on input line 13.
(pdftex.def)             Requested size: 399.29463pt x 197.12253pt.
<figures/fmnist_iid_vs_noniid_accuracy.png, id=22, 792.9625pt x 391.4625pt>
File: figures/fmnist_iid_vs_noniid_accuracy.png Graphic file (type png)
<use figures/fmnist_iid_vs_noniid_accuracy.png>
Package pdftex.def Info: figures/fmnist_iid_vs_noniid_accuracy.png  used on input line 18.
(pdftex.def)             Requested size: 399.29463pt x 197.12253pt.
[5]
<figures/cifar10_iid_vs_noniid_accuracy.png, id=26, 792.9625pt x 391.4625pt>
File: figures/cifar10_iid_vs_noniid_accuracy.png Graphic file (type png)
<use figures/cifar10_iid_vs_noniid_accuracy.png>
Package pdftex.def Info: figures/cifar10_iid_vs_noniid_accuracy.png  used on input line 23.
(pdftex.def)             Requested size: 399.29463pt x 197.12253pt.
) [6 <./figures/mnist_iid_vs_noniid_accuracy.png (PNG copy)> <./figures/fmnist_iid_vs_noniid_accuracy.png (PNG copy)>] [7 <./figures/cifar10_iid_vs_noniid_accuracy.png (PNG copy)>] (./chapters/file03.tex
<figures/file03_accuracy.png, id=34, 792.9625pt x 391.4625pt>
File: figures/file03_accuracy.png Graphic file (type png)
<use figures/file03_accuracy.png>
Package pdftex.def Info: figures/file03_accuracy.png  used on input line 39.
(pdftex.def)             Requested size: 375.80544pt x 185.52849pt.
 [8]
<figures/file03_loss.png, id=39, 792.9625pt x 391.4625pt>
File: figures/file03_loss.png Graphic file (type png)
<use figures/file03_loss.png>
Package pdftex.def Info: figures/file03_loss.png  used on input line 46.
(pdftex.def)             Requested size: 375.80544pt x 185.52849pt.
<figures/fl_vs_sfl_architecture.png, id=40, 4605.205pt x 1142.2675pt>
File: figures/fl_vs_sfl_architecture.png Graphic file (type png)
<use figures/fl_vs_sfl_architecture.png>
Package pdftex.def Info: figures/fl_vs_sfl_architecture.png  used on input line 53.
(pdftex.def)             Requested size: 422.77664pt x 104.85632pt.
) [9 <./figures/file03_accuracy.png (PNG copy)> <./figures/file03_loss.png (PNG copy)> <./figures/fl_vs_sfl_architecture.png>] (./chapters/file04.tex [10]
<figures/fl_vs_sfl_l2_distance.png, id=53, 792.9625pt x 391.4625pt>
File: figures/fl_vs_sfl_l2_distance.png Graphic file (type png)
<use figures/fl_vs_sfl_l2_distance.png>
Package pdftex.def Info: figures/fl_vs_sfl_l2_distance.png  used on input line 39.
(pdftex.def)             Requested size: 375.80544pt x 185.52849pt.
<figures/fl_vs_sfl_accuracy.png, id=54, 792.9625pt x 391.4625pt>
File: figures/fl_vs_sfl_accuracy.png Graphic file (type png)
<use figures/fl_vs_sfl_accuracy.png>
Package pdftex.def Info: figures/fl_vs_sfl_accuracy.png  used on input line 45.
(pdftex.def)             Requested size: 375.80544pt x 185.52849pt.
 [11 <./figures/fl_vs_sfl_l2_distance.png (PNG copy)>]
<figures/fl_vs_sfl_loss.png, id=58, 792.9625pt x 391.4625pt>
File: figures/fl_vs_sfl_loss.png Graphic file (type png)
<use figures/fl_vs_sfl_loss.png>
Package pdftex.def Info: figures/fl_vs_sfl_loss.png  used on input line 51.
(pdftex.def)             Requested size: 375.80544pt x 185.52849pt.
<figures/fl_sfl_equivalence.png, id=59, 3127.685pt x 1259.70625pt>
File: figures/fl_sfl_equivalence.png Graphic file (type png)
<use figures/fl_sfl_equivalence.png>
Package pdftex.def Info: figures/fl_sfl_equivalence.png  used on input line 56.
(pdftex.def)             Requested size: 422.77664pt x 170.26443pt.
) [12 <./figures/fl_vs_sfl_accuracy.png (PNG copy)> <./figures/fl_vs_sfl_loss.png (PNG copy)>] [13 <./figures/fl_sfl_equivalence.png>] (./chapters/file05A.tex [14] [15] [16] [17]
<figures/05A_accuracy.png, id=82, 892.33376pt x 491.8375pt>
File: figures/05A_accuracy.png Graphic file (type png)
<use figures/05A_accuracy.png>
Package pdftex.def Info: figures/05A_accuracy.png  used on input line 222.
(pdftex.def)             Requested size: 385.20255pt x 212.31903pt.
<figures/05A_loss.png, id=83, 892.33376pt x 491.8375pt>
File: figures/05A_loss.png Graphic file (type png)
<use figures/05A_loss.png>
Package pdftex.def Info: figures/05A_loss.png  used on input line 228.
(pdftex.def)             Requested size: 385.20255pt x 212.31903pt.
) [18 <./figures/05A_accuracy.png (PNG copy)>] [19 <./figures/05A_loss.png (PNG copy)>] (./chapters/file05B.tex [20] [21]
<figures/05B_accuracy.png, id=97, 892.33376pt x 491.8375pt>
File: figures/05B_accuracy.png Graphic file (type png)
<use figures/05B_accuracy.png>
Package pdftex.def Info: figures/05B_accuracy.png  used on input line 65.
(pdftex.def)             Requested size: 385.20255pt x 212.31903pt.
<figures/05B_loss.png, id=98, 892.33376pt x 491.8375pt>
File: figures/05B_loss.png Graphic file (type png)
<use figures/05B_loss.png>
Package pdftex.def Info: figures/05B_loss.png  used on input line 71.
(pdftex.def)             Requested size: 385.20255pt x 212.31903pt.
) [22 <./figures/05B_accuracy.png (PNG copy)> <./figures/05B_loss.png (PNG copy)>] (./chapters/file05C.tex [23]
<figures/05C_accuracy.png, id=105, 934.49126pt x 491.8375pt>
File: figures/05C_accuracy.png Graphic file (type png)
<use figures/05C_accuracy.png>
Package pdftex.def Info: figures/05C_accuracy.png  used on input line 68.
(pdftex.def)             Requested size: 385.20255pt x 202.73537pt.
 [24]
<figures/05C_loss.png, id=109, 907.39pt x 491.8375pt>
File: figures/05C_loss.png Graphic file (type png)
<use figures/05C_loss.png>
Package pdftex.def Info: figures/05C_loss.png  used on input line 74.
(pdftex.def)             Requested size: 385.20255pt x 208.79176pt.
) [25 <./figures/05C_accuracy.png (PNG copy)> <./figures/05C_loss.png (PNG copy)>] (./chapters/file05D.tex [26] [27]
Overfull \hbox (6.16783pt too wide) in paragraph at lines 91--92
[]\OT1/cmr/m/n/12 Third, the three-layer fully con-nected ar-chi-tec-ture be-comes in-suf-fi-cient for learn-ing CIFAR-
 []

<figures/05D_accuracy.png, id=120, 944.52875pt x 491.8375pt>
File: figures/05D_accuracy.png Graphic file (type png)
<use figures/05D_accuracy.png>
Package pdftex.def Info: figures/05D_accuracy.png  used on input line 116.
(pdftex.def)             Requested size: 385.20255pt x 200.58899pt.
[28]
<figures/05D_loss.png, id=124, 925.4575pt x 491.8375pt>
File: figures/05D_loss.png Graphic file (type png)
<use figures/05D_loss.png>
Package pdftex.def Info: figures/05D_loss.png  used on input line 122.
(pdftex.def)             Requested size: 385.20255pt x 204.71664pt.
) [29 <./figures/05D_accuracy.png (PNG copy)> <./figures/05D_loss.png (PNG copy)>] (./chapters/file05E.tex [30] [31] [32]
<figures/05E_accuracy.png, id=138, 931.48pt x 491.8375pt>
File: figures/05E_accuracy.png Graphic file (type png)
<use figures/05E_accuracy.png>
Package pdftex.def Info: figures/05E_accuracy.png  used on input line 145.
(pdftex.def)             Requested size: 385.20255pt x 203.38829pt.
<figures/05E_loss.png, id=139, 912.40875pt x 491.8375pt>
File: figures/05E_loss.png Graphic file (type png)
<use figures/05E_loss.png>
Package pdftex.def Info: figures/05E_loss.png  used on input line 151.
(pdftex.def)             Requested size: 385.20255pt x 207.64352pt.
) [33 <./figures/05E_accuracy.png (PNG copy)>] [34 <./figures/05E_loss.png (PNG copy)>] (./chapters/file05F.tex [35]
Overfull \hbox (7.50613pt too wide) in paragraph at lines 83--84
\OT1/cmr/m/n/12 The gen-er-ated re-sults ta-ble in-cludes sev-eral use-ful di-ag-nos-tic fields. The field \OT1/cmtt/m/n/12 attack[]scale[]fl
 []

[36]
<figures/05F_accuracy.png, id=153, 892.33376pt x 491.8375pt>
File: figures/05F_accuracy.png Graphic file (type png)
<use figures/05F_accuracy.png>
Package pdftex.def Info: figures/05F_accuracy.png  used on input line 153.
(pdftex.def)             Requested size: 385.20255pt x 212.31903pt.
<figures/05F_loss.png, id=154, 892.33376pt x 491.8375pt>
File: figures/05F_loss.png Graphic file (type png)
<use figures/05F_loss.png>
Package pdftex.def Info: figures/05F_loss.png  used on input line 162.
(pdftex.def)             Requested size: 385.20255pt x 212.31903pt.
 [37 <./figures/05f_accuracy.png (PNG copy)>]
<figures/sga_attack.png, id=159, 1441.385pt x 3944.7375pt>
File: figures/sga_attack.png Graphic file (type png)
<use figures/sga_attack.png>
Package pdftex.def Info: figures/sga_attack.png  used on input line 169.
(pdftex.def)             Requested size: 46.97836pt x 128.50943pt.
) [38 <./figures/05F_loss.png (PNG copy)> <./figures/sga_attack.png>] (./chapters/file05G.tex [39] [40] [41] [42] [43]
<figures/05G_accuracy.png, id=181, 892.33376pt x 491.8375pt>
File: figures/05G_accuracy.png Graphic file (type png)
<use figures/05G_accuracy.png>
Package pdftex.def Info: figures/05G_accuracy.png  used on input line 390.
(pdftex.def)             Requested size: 399.29463pt x 220.08652pt.
 [44]
<figures/05G_loss.png, id=185, 892.33376pt x 491.8375pt>
File: figures/05G_loss.png Graphic file (type png)
<use figures/05G_loss.png>
Package pdftex.def Info: figures/05G_loss.png  used on input line 415.
(pdftex.def)             Requested size: 399.29463pt x 220.08652pt.
<figures/median_mad_defence.png, id=186, 1003.75pt x 2690.05pt>
File: figures/median_mad_defence.png Graphic file (type png)
<use figures/median_mad_defence.png>
Package pdftex.def Info: figures/median_mad_defence.png  used on input line 421.
(pdftex.def)             Requested size: 187.89914pt x 503.56221pt.
 [45 <./figures/05G_accuracy.png (PNG copy)>] [46 <./figures/05G_loss.png (PNG copy)>]) [47 <./figures/median_mad_defence.png>] (./chapters/file05H.tex
Overfull \hbox (3.29788pt too wide) in paragraph at lines 1--1
[]\OT1/cmr/bx/n/14.4 File 05H: His-tor-i-cal Co-sine Sim-i-lar-ity De-fence with Warm-Up Phase 
 []

[48] [49] [50] [51]
<figures/05H_accuracy.png, id=211, 898.35625pt x 491.8375pt>
File: figures/05H_accuracy.png Graphic file (type png)
<use figures/05H_accuracy.png>
Package pdftex.def Info: figures/05H_accuracy.png  used on input line 281.
(pdftex.def)             Requested size: 399.29463pt x 218.60808pt.
<figures/05H_loss.png, id=212, 892.33376pt x 491.8375pt>
File: figures/05H_loss.png Graphic file (type png)
<use figures/05H_loss.png>
Package pdftex.def Info: figures/05H_loss.png  used on input line 299.
(pdftex.def)             Requested size: 399.29463pt x 220.08652pt.
 [52 <./figures/05H_accuracy.png (PNG copy)>] [53 <./figures/05H_loss.png (PNG copy)>]
<figures/historical_cosine_defence.png, id=219, 1986.42125pt x 1736.4875pt>
File: figures/historical_cosine_defence.png Graphic file (type png)
<use figures/historical_cosine_defence.png>
Package pdftex.def Info: figures/historical_cosine_defence.png  used on input line 346.
(pdftex.def)             Requested size: 375.80544pt x 328.50523pt.
) [54 <./figures/historical_cosine_defence.png>] (./chapters/file05I.tex [55] [56] [57] [58]
<figures/05I_accuracy.png, id=237, 997.7275pt x 491.8375pt>
File: figures/05I_accuracy.png Graphic file (type png)
<use figures/05I_accuracy.png>
Package pdftex.def Info: figures/05I_accuracy.png  used on input line 321.
(pdftex.def)             Requested size: 399.29463pt x 196.83658pt.
 [59]
<figures/05I_loss.png, id=241, 892.33376pt x 491.8375pt>
File: figures/05I_loss.png Graphic file (type png)
<use figures/05I_loss.png>
Package pdftex.def Info: figures/05I_loss.png  used on input line 342.
(pdftex.def)             Requested size: 399.29463pt x 220.08652pt.
 [60 <./figures/05I_accuracy.png (PNG copy)>] [61 <./figures/05I_loss.png (PNG copy)>]
<figures/combined_defence.png, id=249, 1756.5625pt x 1736.4875pt>
File: figures/combined_defence.png Graphic file (type png)
<use figures/combined_defence.png>
Package pdftex.def Info: figures/combined_defence.png  used on input line 413.
(pdftex.def)             Requested size: 399.29463pt x 394.72032pt.
 [62]) [63 <./figures/combined_defence.png>] (./chapters/file05J.tex
Overfull \hbox (9.64777pt too wide) in paragraph at lines 1--1
[]\OT1/cmr/bx/n/14.4 File 05J: SFL-Aware Me-dian/MAD De-fence us-ing Server-Observable
 []

[64] [65] [66]
<figures/05J_accuracy.png, id=266, 1420.30624pt x 491.8375pt>
File: figures/05J_accuracy.png Graphic file (type png)
<use figures/05J_accuracy.png>
Package pdftex.def Info: figures/05J_accuracy.png  used on input line 273.
(pdftex.def)             Requested size: 422.77664pt x 146.40414pt.
 [67]
<figures/05J_loss.png, id=271, 892.33376pt x 491.8375pt>
File: figures/05J_loss.png Graphic file (type png)
<use figures/05J_loss.png>
Package pdftex.def Info: figures/05J_loss.png  used on input line 310.
(pdftex.def)             Requested size: 422.77664pt x 233.02484pt.
 [68 <./figures/05J_accuracy.png (PNG copy)>] [69 <./figures/05J_loss.png (PNG copy)>]
<figures/sfl_aware_defence.png, id=278, 5237.5675pt x 306.14375pt>
File: figures/sfl_aware_defence.png Graphic file (type png)
<use figures/sfl_aware_defence.png>
Package pdftex.def Info: figures/sfl_aware_defence.png  used on input line 350.
(pdftex.def)             Requested size: 399.29463pt x 23.33817pt.
) [70 <./figures/sfl_aware_defence.png>] (./chapters/overall_defence_comparison.tex) [71] (./main.aux) ) 
Here is how much of TeX's memory you used:
 3589 strings out of 480247
 57841 string characters out of 5896150
 345427 words of memory out of 5000000
 21424 multiletter control sequences out of 15000+600000
 478864 words of font info for 66 fonts, out of 8000000 for 9000
 14 hyphenation exceptions out of 8191
 55i,11n,62p,1046b,251s stack positions out of 5000i,500n,10000p,200000b,80000s
 </home/raed/.texlive2021/texmf-var/fonts/pk/ljfour/jknappen/ec/tcrm1200.600pk></usr/share/texlive/texmf-dist/fonts/type1/public/amsfonts/cm/cmbx12.pfb></usr/share/texlive/texmf-dist/fonts/type1/public/amsfonts/cm/cmex10.pfb></usr/share/texlive/texmf-dist/fonts/type1/public/amsfonts/cm/cmmi12.pfb></usr/share/texlive/texmf-dist/fonts/type1/public/amsfonts/cm/cmmi6.pfb></usr/share/texlive/texmf-dist/fonts/type1/public/amsfonts/cm/cmmi8.pfb></usr/share/texlive/texmf-dist/fonts/type1/public/amsfonts/cm/cmr12.pfb></usr/share/texlive/texmf-dist/fonts/type1/public/amsfonts/cm/cmr17.pfb></usr/share/texlive/texmf-dist/fonts/type1/public/amsfonts/cm/cmr8.pfb></usr/share/texlive/texmf-dist/fonts/type1/public/amsfonts/cm/cmsy10.pfb></usr/share/texlive/texmf-dist/fonts/type1/public/amsfonts/cm/cmsy8.pfb></usr/share/texlive/texmf-dist/fonts/type1/public/amsfonts/cm/cmtt12.pfb>
Output written on main.pdf (71 pages, 2678991 bytes).
PDF statistics:
 339 PDF objects out of 1000 (max. 8388607)
 196 compressed objects within 2 object streams
 0 named destinations out of 1000 (max. 500000)
 191 words of extra memory for PDF output out of 10000 (max. 10000000)

